[2026-05-05 00:23:08.277002] ERROR GENERATING PDF: 1 validation error for Invoice
status
  Input should be 'PAID', 'PARTIAL' or 'UNPAID' [type=enum, input_value='paid', input_type=str]
    For further information visit https://errors.pydantic.dev/2.12/v/enum
